[17:06:25] [main/INFO]: Loading Minecraft 1.21.1 with Fabric Loader 0.18.4
[17:06:25] [ForkJoinPool-1-worker-3/WARN]: The mod "accessories_compat_layer" contains invalid entries in its mod json:
- Unsupported root entry "#COMMENT_breaks" at line 53 column 20
[17:06:25] [ForkJoinPool-1-worker-1/WARN]: Mod com_github_rtyley_animated-gif-lib-for-java uses the version animated-gif-lib-1.7 which isn't compatible with Loader's extended semantic version format (Could not parse version number component 'animated'!), SemVer is recommended for reliably evaluating dependencies and prioritizing newer version
[17:06:25] [ForkJoinPool-1-worker-15/WARN]: Mod legendarymonuments uses the version Cobbleverse which isn't compatible with Loader's extended semantic version format (Could not parse version number component 'Cobbleverse'!), SemVer is recommended for reliably evaluating dependencies and prioritizing newer version
[17:06:25] [ForkJoinPool-1-worker-6/WARN]: Mod nochatrestrictions uses the version Fabric-MC1.21.11-v1.0.0 which isn't compatible with Loader's extended semantic version format (Could not parse version number component 'Fabric'!), SemVer is recommended for reliably evaluating dependencies and prioritizing newer version
[17:06:25] [main/INFO]: Loading 254 mods:
	- accessories 1.1.0-beta.53+1.21.1
	- accessories_compat_layer 0.1.12
	- advancementdisable 1.0.0
	- architectury 13.0.8
	- athena 4.0.6
	- balm 21.0.63
	   \-- kuma_api 21.0.8
	- beautify 2.0.0+1.21.1
	- better_pokedex_scanner 1.0.0
	- biome_replacer 2.1-hippo
	- c2me 0.4.0-alpha.0.23+1.21.1
	   |-- c2me-base 0.4.0-alpha.0.23+1.21.1
	   |-- c2me-client-uncapvd 0.4.0-alpha.0.23+1.21.1
	   |-- c2me-fixes-chunkio-threading-issues 0.4.0-alpha.0.23+1.21.1
	   |-- c2me-fixes-general-threading-issues 0.4.0-alpha.0.23+1.21.1
	   |-- c2me-fixes-worldgen-threading-issues 0.4.0-alpha.0.23+1.21.1
	   |-- c2me-fixes-worldgen-vanilla-bugs 0.4.0-alpha.0.23+1.21.1
	   |-- c2me-notickvd 0.4.0-alpha.0.23+1.21.1
	   |-- c2me-opts-allocs 0.4.0-alpha.0.23+1.21.1
	   |-- c2me-opts-chunkio 0.4.0-alpha.0.23+1.21.1
	   |-- c2me-opts-math 0.4.0-alpha.0.23+1.21.1
	   |-- c2me-opts-scheduling 0.4.0-alpha.0.23+1.21.1
	   |-- c2me-opts-worldgen-general 0.4.0-alpha.0.23+1.21.1
	   |-- c2me-opts-worldgen-vanilla 0.4.0-alpha.0.23+1.21.1
	   |-- c2me-rewrites-chunk-system 0.4.0-alpha.0.23+1.21.1
	   |-- c2me-rewrites-chunkio 0.4.0-alpha.0.23+1.21.1
	   |-- c2me-server-utils 0.4.0-alpha.0.23+1.21.1
	   |-- c2me-threading-lighting 0.4.0-alpha.0.23+1.21.1
	   |-- com_github_ben-manes_caffeine_caffeine 3.2.1
	   |-- com_ibm_async_asyncutil 0.1.0
	   |-- io_reactivex_rxjava3_rxjava 3.1.12
	   |-- mixinsquared 0.3.7-beta.1
	   |-- net_objecthunter_exp4j 0.4.8
	   |-- org_jctools_jctools-core 4.0.5
	   \-- org_reactivestreams_reactive-streams 1.0.4
	- capture_xp 1.7.3-fabric-1.3.0
	- carved_wood 1.9.7-B
	   \-- cardinal-components-block 6.1.0
	- cloth-config 15.0.140
	   \-- cloth-basic-math 0.6.1
	- cobblecuisine 2.0.1
	- cobbledollars 2.0.0+Beta-5.1+1.21.1
	- cobblefurnies 1.2
	- cobblemon 1.7.3+1.21.1
	- cobblemon-additions 4.1.6
	- cobblemon-battle-extras 1.13.45
	- cobblemon_spawn_alerts 1.13.2
	- cobblemonbattlepositions 1.1.2
	- cobblemonraiddens 0.11.3+1.21.1
	- cobblenav 2.3.3
	- cobbleversebadges 1.3
	- cobbreeding 2.2.2
	- comforts 9.0.5+1.21.1
	   |-- cardinal-components-base 6.1.2
	   |-- cardinal-components-entity 6.1.2
	   \-- spectrelib 0.17.2+1.21
	- configurable 3.5.2
	   |-- com_electronwill_night-config_core 3.8.3
	   |-- com_electronwill_night-config_toml 3.8.3
	   |-- com_google_auto_service_auto-service 1.0
	   |-- org_quiltmc_parsers_gson 0.3.1
	   \-- org_quiltmc_parsers_json 0.3.1
	- cozyhome 1.1.20
	- debugify 1.21.1+1.0
	- defaultoptions 21.1.7
	- emberstextapi 3.0.3
	- entityculling 1.10.5
	   |-- transition 1.0.21
	   \-- trender 1.0.15
	- fabric-api 0.116.14+1.21.1
	   |-- fabric-api-base 0.4.42+6573ed8c19
	   |-- fabric-api-lookup-api-v1 1.6.72+7b3d111d19
	   |-- fabric-biome-api-v1 13.0.31+d527f9fd19
	   |-- fabric-block-api-v1 1.1.0+0bc3503219
	   |-- fabric-block-view-api-v2 1.0.11+ebb2264e19
	   |-- fabric-blockrenderlayer-v1 1.1.52+0af3f5a719
	   |-- fabric-client-tags-api-v1 1.2.0+1eb36c0719
	   |-- fabric-command-api-v1 1.2.49+f71b366f19
	   |-- fabric-command-api-v2 2.2.28+6ced4dd919
	   |-- fabric-commands-v0 0.2.66+df3654b319
	   |-- fabric-content-registries-v0 8.0.19+b559734419
	   |-- fabric-convention-tags-v1 2.1.7+7f945d5b19
	   |-- fabric-convention-tags-v2 2.12.0+c3656daa19
	   |-- fabric-crash-report-info-v1 0.2.29+0af3f5a719
	   |-- fabric-data-attachment-api-v1 1.4.7+5b36e0f719
	   |-- fabric-data-generation-api-v1 20.3.0+1eb36c0719
	   |-- fabric-dimensions-v1 4.0.1+65213ef819
	   |-- fabric-entity-events-v1 1.8.0+2b27e0a419
	   |-- fabric-events-interaction-v0 0.7.14+ba9dae0619
	   |-- fabric-game-rule-api-v1 1.0.53+6ced4dd919
	   |-- fabric-item-api-v1 11.2.0+3b3cb2e819
	   |-- fabric-item-group-api-v1 4.1.7+def88e3a19
	   |-- fabric-key-binding-api-v1 1.0.47+0af3f5a719
	   |-- fabric-keybindings-v0 0.2.45+df3654b319
	   |-- fabric-lifecycle-events-v1 2.6.0+0865547519
	   |-- fabric-loot-api-v2 3.0.15+3f89f5a519
	   |-- fabric-loot-api-v3 1.0.3+3f89f5a519
	   |-- fabric-message-api-v1 6.0.14+8aaf3aca19
	   |-- fabric-model-loading-api-v1 2.1.0+b4d813fc19
	   |-- fabric-networking-api-v1 4.3.1+d30f6a7919
	   |-- fabric-object-builder-api-v1 15.2.1+40875a9319
	   |-- fabric-particles-v1 4.0.2+6573ed8c19
	   |-- fabric-recipe-api-v1 5.0.16+2475392c19
	   |-- fabric-registry-sync-v0 5.3.2+e3eddc2119
	   |-- fabric-renderer-api-v1 3.4.1+b4d813fc19
	   |-- fabric-renderer-indigo 1.7.1+c705a49c19
	   |-- fabric-renderer-registries-v1 3.2.69+df3654b319
	   |-- fabric-rendering-data-attachment-v1 0.3.49+73761d2e19
	   |-- fabric-rendering-fluids-v1 3.1.6+1daea21519
	   |-- fabric-rendering-v0 1.1.72+df3654b319
	   |-- fabric-rendering-v1 5.1.0+ab4c25a019
	   |-- fabric-resource-conditions-api-v1 4.3.0+8dc279b119
	   |-- fabric-resource-loader-v0 1.3.1+5b5275af19
	   |-- fabric-screen-api-v1 2.0.26+639b4c0719
	   |-- fabric-screen-handler-api-v1 1.3.91+b559734419
	   |-- fabric-sound-api-v1 1.0.23+6573ed8c19
	   |-- fabric-tag-api-v1 1.3.0+1eb36c0719
	   |-- fabric-transfer-api-v1 5.4.4+7b3d111d19
	   \-- fabric-transitive-access-wideners-v1 6.2.0+45b9699719
	- fabric-language-kotlin 1.13.13+kotlin.2.4.10
	   |-- org_jetbrains_kotlin_kotlin-reflect 2.4.10
	   |-- org_jetbrains_kotlin_kotlin-stdlib 2.4.10
	   |-- org_jetbrains_kotlin_kotlin-stdlib-jdk7 2.4.10
	   |-- org_jetbrains_kotlin_kotlin-stdlib-jdk8 2.4.10
	   |-- org_jetbrains_kotlinx_atomicfu-jvm 0.33.0
	   |-- org_jetbrains_kotlinx_kotlinx-coroutines-core-jvm 1.11.0
	   |-- org_jetbrains_kotlinx_kotlinx-coroutines-jdk8 1.11.0
	   |-- org_jetbrains_kotlinx_kotlinx-datetime-jvm 0.8.0
	   |-- org_jetbrains_kotlinx_kotlinx-io-bytestring-jvm 0.9.1
	   |-- org_jetbrains_kotlinx_kotlinx-io-core-jvm 0.9.1
	   |-- org_jetbrains_kotlinx_kotlinx-serialization-cbor-jvm 1.11.0
	   |-- org_jetbrains_kotlinx_kotlinx-serialization-core-jvm 1.11.0
	   \-- org_jetbrains_kotlinx_kotlinx-serialization-json-jvm 1.11.0
	- fabricloader 0.18.4
	   \-- mixinextras 0.5.0
	- fancymenu 3.9.8
	   |-- com_github_keksuccino_japng 0.5.3
	   \-- com_github_rtyley_animated-gif-lib-for-java animated-gif-lib-1.7
	- ferritecore 7.0.3
	- fightorflight 0.10.9
	- forgeconfigapiport 21.1.6
	- forgivingvoid 21.1.7
	- fusion 1.2.12
	- fzzy_config 0.7.6+1.21
	   |-- blue_endless_jankson 1.2.3
	   |-- fabric-permissions-api-v0 0.3.1
	   \-- net_peanuuutz_tomlkt_tomlkt-jvm 0.3.7
	- geckolib 4.9.2
	- globalpacks 21.0.6
	- handcrafted 4.0.3
	- highlight 3.0.0
	- hugestructureblocks 1.1.6
	- iceberg 1.3.2
	- interactic 0.2.3+1.21
	- java 21
	- konkrete 1.9.9
	- krypton 0.2.8
	   \-- com_velocitypowered_velocity-native 3.3.0-SNAPSHOT
	- legendarymonuments Cobbleverse
	- lenientdeath 1.2.5+1.21.1
	   |-- jackfredlib-base 1.4.0+1.21
	   |-- jackfredlib-colour 1.1.0+1.21
	   |-- jackfredlib-config 0.2.3+1.21
	   |    |-- blue_endless_jankson 1.2.3
	   |    |-- commons-io_commons-io 2.15.1
	   |    \-- jackfredlib-base 1.4.0+1.21
	   |-- jackfredlib-lying 0.5.5+1.21
	   \-- server_translations_api 2.3.1+1.21-pre2
	        \-- packet_tweaker 0.5.1+24w03b
	- libjf 3.17.5
	   |-- libjf-base 3.17.3
	   |-- libjf-config-commands 3.17.3
	   |-- libjf-config-core-v2 3.17.3
	   |-- libjf-config-network-v0 3.17.3
	   |-- libjf-config-ui-tiny 3.17.3
	   |-- libjf-data-manipulation-v0 3.17.3
	   |-- libjf-data-v0 3.17.3
	   |-- libjf-mainhttp-v0 3.17.3
	   |-- libjf-resource-pack-entry-widgets-v0 3.17.3
	   |-- libjf-translate-v1 3.17.3
	   |-- libjf-unsafe-v0 3.17.5
	   \-- libjf-web-v1 3.17.3
	- lithium 0.15.4+mc1.21.1
	- lootr 1.21.1-1.11.38.124
	- lumymon 0.6.6
	   \-- fabric-permissions-api-v0 0.3.1
	- mega_showdown 1.8.4+1.7.3+1.21.1
	- melody 1.0.10
	- midnightlib 1.7.5
	- minecraft 1.21.1
	- moarconcrete 1.3.1
	- mobsbegone 0.0.7
	- modernfix 5.25.1+mc1.21.1
	- more_cobblemon_tweaks 1.3.3
	- neruina 3.3.3
	   \-- org_kohsuke_github-api 2.0-rc.6
	- nethermap 4.0.0-1.21.1
	- netherportalfix 21.1.3
	- nochatrestrictions Fabric-MC1.21.11-v1.0.0
	- notenoughanimations 1.12.4
	   |-- transition 1.0.21
	   \-- trender 1.0.15
	- notenoughcrashes 4.4.9+1.21.1
	- obc 1.3.0
	- owo 0.12.15.4+1.21
	   |-- io_wispforest_endec 0.1.5.1
	   |-- io_wispforest_endec_gson 0.1.3.1
	   |-- io_wispforest_endec_jankson 0.1.3.1
	   \-- io_wispforest_endec_netty 0.1.2
	- packetfixer 3.3.1
	- particular 1.5.5
	- pasture-loot 1.0.5+1.21.1
	- pingwheel 1.12.2
	- platform 1.3.3
	- playerxp 1.0.9+1.21.1
	- pokeblocks 1.4.0-1.21.1
	- rctapi 0.15.2-beta
	- rctmod 0.18.1-beta
	   |-- com_github_vlsi_mxgraph_jgraphx 4.2.2
	   |-- org_jgrapht_jgrapht-core 1.5.2
	   \-- org_jgrapht_jgrapht-ext 1.5.2
	- rechiseled 1.2.4
	- repurposed_structures 7.5.21+1.21.1-fabric
	- resourcefullib 3.0.12
	   |-- com_teamresourceful_bytecodecs 1.1.2
	   \-- com_teamresourceful_yabn 1.0.3
	- respackopts 4.14.0+1.21.1.4
	   |-- io_gitlab_jfronny_muscript-all 2.0.0-SNAPSHOT
	   \-- io_gitlab_jfronny_muscript-json 2.0.0-SNAPSHOT
	- roughlyenoughitems 16.0.799
	   \-- error_notifier 1.0.11
	- safepastures 1.1.1+1.21.1
	- scalablelux 0.1.0.1+fabric.d0d58ab
	- sophisticatedbackpacks 1.21.1-3.23.4.3.106
	- sophisticatedcore 1.21.1-1.2.9.21.168
	   |-- porting_lib_conditions 3.1.0-beta.47+1.21.1
	   |-- porting_lib_core 3.1.0-beta.47+1.21.1
	   |-- porting_lib_fluids 3.1.0-beta.47+1.21.1
	   |-- porting_lib_item_abilities 3.1.0-beta.47+1.21.1
	   |-- porting_lib_lazy_registration 3.1.0-beta.47+1.21.1
	   |-- porting_lib_level_events 3.1.0-beta.47+1.21.1
	   |-- porting_lib_loot 3.1.0-beta.47+1.21.1
	   |-- porting_lib_model_loader 3.1.0-beta.47+1.21.1
	   |-- porting_lib_render_types 3.1.0-beta.47+1.21.1
	   |-- porting_lib_transfer 3.1.0-beta.47+1.21.1
	   \-- team_reborn_energy 4.1.0
	- sophisticatedstorage 1.21.1-1.3.7.9.139
	- sound_physics_remastered 1.21.1-1.5.1
	- stackdeobfuscator 1.4.3+08e71cc
	   |-- net_fabricmc_mapping-io 0.6.1
	   \-- stackdeobfuscator-common 1.4.3+08e71cc
	- supermartijn642configlib 1.1.8
	- supermartijn642corelib 1.1.21
	- tim_core 1.7.3-fabric-1.32.0
	- tmcraft 1.4.18+1.7.3
	- toms_storage 2.3.0
	   \-- cardinal-components-block 6.1.0
	- trinkets 3.10.0
	- vanillabackport 1.1.7.10
	- villagerconfig 4.5.4
	   \-- fiber 0.23.0-2
	- waystones 21.1.37
	- xaerominimap 26.4.2
	   \-- xaerolib 1.7.1
	- xaeroworldmap 1.44.2
	   \-- xaerolib 1.7.1
	- yet_another_config_lib_v3 3.8.2+1.21.1-fabric
	   |-- com_twelvemonkeys_common_common-image 3.12.0
	   |-- com_twelvemonkeys_common_common-io 3.12.0
	   |-- com_twelvemonkeys_common_common-lang 3.12.0
	   |-- com_twelvemonkeys_imageio_imageio-core 3.12.0
	   |-- com_twelvemonkeys_imageio_imageio-metadata 3.12.0
	   \-- com_twelvemonkeys_imageio_imageio-webp 3.12.0
	- zamega 1.7.3
	- zfastnoise 1.0.13+1.21
[17:06:26] [main/INFO]: SpongePowered MIXIN Subsystem Version=0.8.7 Source=file:/C:/Minecraft/serverCobbleverse/libraries/net/fabricmc/sponge-mixin/0.17.0+mixin.0.8.7/sponge-mixin-0.17.0+mixin.0.8.7.jar Service=Knot/Fabric Env=SERVER
[17:06:26] [main/INFO]: Compatibility level set to JAVA_17
[17:06:26] [main/INFO]: Compatibility level set to JAVA_21
[17:06:26] [main/WARN]: Reference map 'beautify-refmap.json' for beautify.mixins.json could not be read. If this is a development environment you can ignore this message
[17:06:26] [main/INFO]: Initializing com.ishland.c2me.base.mixin
[17:06:26] [main/INFO]: Global Executor Parallelism: 10 configured, 10 evaluated, 10 default evaluated
[17:06:26] [main/INFO]: Initializing com.ishland.c2me.fixes.chunkio.threading_issues.mixin
[17:06:26] [main/INFO]: Initializing com.ishland.c2me.fixes.general.threading_issues.mixin
[17:06:26] [main/INFO]: Initializing com.ishland.c2me.fixes.worldgen.threading_issues.mixin
[17:06:26] [main/INFO]: Initializing com.ishland.c2me.fixes.worldgen.vanilla_bugs.mixin
[17:06:26] [main/INFO]: Initializing com.ishland.c2me.notickvd.mixin
[17:06:26] [main/INFO]: Initializing com.ishland.c2me.opts.allocs.mixin
[17:06:26] [main/INFO]: Initializing com.ishland.c2me.opts.chunkio.mixin
[17:06:26] [main/INFO]: Initializing com.ishland.c2me.opts.math.mixin
[17:06:26] [main/INFO]: Initializing com.ishland.c2me.opts.scheduling.mixin
[17:06:26] [main/INFO]: Initializing com.ishland.c2me.opts.worldgen.general.mixin
[17:06:26] [main/INFO]: Initializing com.ishland.c2me.opts.worldgen.vanilla.mixin
[17:06:26] [main/INFO]: Initializing com.ishland.c2me.rewrites.chunksystem.mixin
[17:06:26] [main/INFO]: Initializing com.ishland.c2me.rewrites.chunkio.mixin
[17:06:26] [main/INFO]: Initializing com.ishland.c2me.server.utils.mixin
[17:06:26] [main/INFO]: Initializing com.ishland.c2me.threading.lighting.mixin
[17:06:26] [main/WARN]: Reference map 'cobblemon-battle-extras-refmap.json' for cobblemon-battle-extras-common.mixins.json could not be read. If this is a development environment you can ignore this message
[17:06:26] [main/WARN]: Reference map 'emberstextapi.mixins.refmap.json' for emberstextapi-fabric.mixins.json could not be read. If this is a development environment you can ignore this message
[17:06:26] [main/WARN]: Reference map 'forgeconfigapiport.common.refmap.json' for forgeconfigapiport.common.mixins.json could not be read. If this is a development environment you can ignore this message
[17:06:26] [main/WARN]: Reference map 'geckolib.refmap.json' for geckolib.mixins.json could not be read. If this is a development environment you can ignore this message
[17:06:27] [main/INFO]: Option 'mixin.entity.collisions.fluid' requires 'mixin.util.block_tracking=true' but found 'false'. Setting 'mixin.entity.collisions.fluid=false'.
[17:06:27] [main/INFO]: Option 'mixin.experimental.entity.block_caching.block_support' requires 'mixin.util.block_tracking=true' but found 'false'. Setting 'mixin.experimental.entity.block_caching.block_support=false'.
[17:06:27] [main/INFO]: Option 'mixin.experimental.entity.block_caching.fluid_pushing' requires 'mixin.util.block_tracking=true' but found 'false'. Setting 'mixin.experimental.entity.block_caching.fluid_pushing=false'.
[17:06:27] [main/INFO]: Option 'mixin.experimental.entity.block_caching.block_touching' requires 'mixin.util.block_tracking=true' but found 'false'. Setting 'mixin.experimental.entity.block_caching.block_touching=false'.
[17:06:27] [main/INFO]: Option 'mixin.experimental.entity.block_caching.suffocation' requires 'mixin.util.block_tracking=true' but found 'false'. Setting 'mixin.experimental.entity.block_caching.suffocation=false'.
[17:06:27] [main/INFO]: Option 'mixin.experimental.entity.block_caching' requires 'mixin.util.block_tracking=true' but found 'false'. Setting 'mixin.experimental.entity.block_caching=false'.
[17:06:27] [main/INFO]: Loaded configuration file for Lithium: 150 options available, 0 override(s) found
[17:06:27] [main/INFO]: Loaded configuration file for ModernFix 5.25.1+mc1.21.1: 65 options available, 3 override(s) found
[17:06:27] [main/WARN]: Option 'mixin.bugfix.paper_chunk_patches' overriden (by mods [c2me]) to 'false'
[17:06:27] [main/WARN]: Option 'mixin.perf.cache_strongholds' overriden (by mods [c2me]) to 'false'
[17:06:27] [main/WARN]: Option 'mixin.bugfix.chunk_deadlock' overriden (by mods [c2me]) to 'false'
[17:06:27] [main/INFO]: Applying Nashorn fix
[17:06:27] [main/INFO]: Packet Fixer forge 1.20.5-1.21.X has been applied successfully.
[17:06:27] [main/WARN]: Reference map 'particular.refmap.json' for particular.mixins.json could not be read. If this is a development environment you can ignore this message
[17:06:27] [main/WARN]: Reference map 'particular.refmap.json' for particular.fabric.mixins.json could not be read. If this is a development environment you can ignore this message
[17:06:27] [main/WARN]: Reference map 'rechiseled.mixins.refmap.json' for rechiseled.mixins.json could not be read. If this is a development environment you can ignore this message
[17:06:27] [main/WARN]: Reference map 'supermartijn642configlib.mixins.refmap.json' for supermartijn642configlib.mixins.json could not be read. If this is a development environment you can ignore this message
[17:06:27] [main/WARN]: Reference map 'supermartijn642corelib.mixins.refmap.json' for supermartijn642corelib.mixins.json could not be read. If this is a development environment you can ignore this message
[17:06:27] [main/WARN]: Reference map 'villagerconfig.refmap.json' for villagerconfig-common.mixins.json could not be read. If this is a development environment you can ignore this message
[17:06:27] [main/WARN]: Reference map 'villagerconfig.refmap.json' for villagerconfig-fabric.mixins.json could not be read. If this is a development environment you can ignore this message
[17:06:27] [main/WARN]: Reference map 'waystones.refmap.json' for waystones.mixins.json could not be read. If this is a development environment you can ignore this message
[17:06:27] [main/WARN]: Reference map 'waystones.refmap.json' for waystones.fabric.mixins.json could not be read. If this is a development environment you can ignore this message
[17:06:27] [main/WARN]: Reference map 'yet_another_config_lib_v3.refmap.json' for yacl.mixins.json could not be read. If this is a development environment you can ignore this message
[17:06:27] [main/WARN]: Reference map 'yet_another_config_lib_v3.refmap.json' for yacl-fabric.mixins.json could not be read. If this is a development environment you can ignore this message
[17:06:27] [main/WARN]: Error loading class: net/minecraft/class_906 (java.lang.ClassNotFoundException: net/minecraft/class_906)
[17:06:27] [main/WARN]: @Mixin target net.minecraft.class_906 was not found porting_lib_item_abilities.mixins.json:FishingHookRendererMixin from mod porting_lib_item_abilities
[17:06:28] [main/WARN]: Error loading class: ca/spottedleaf/starlight/common/integration/v0/ChunkSystemHooks (java.lang.ClassNotFoundException: ca/spottedleaf/starlight/common/integration/v0/ChunkSystemHooks)
[17:06:28] [main/WARN]: @Mixin target ca/spottedleaf/starlight/common/integration/v0/ChunkSystemHooks was not found c2me-rewrites-chunk-system.mixins.json:scalablelux.MixinChunkSystemHooks from mod c2me-rewrites-chunk-system
[17:06:28] [main/WARN]: Error loading class: net/minecraft/class_4224 (java.lang.ClassNotFoundException: net/minecraft/class_4224)
[17:06:28] [main/WARN]: @Mixin target net.minecraft.class_4224 was not found mixins.cobblemon-common.json:ChannelMixin from mod cobblemon
[17:06:28] [main/WARN]: Error loading class: juuxel/adorn/block/variant/BlockVariantSets (java.lang.ClassNotFoundException: juuxel/adorn/block/variant/BlockVariantSets)
[17:06:28] [main/WARN]: @Mixin target juuxel.adorn.block.variant.BlockVariantSets was not found mixins.cobblemon-common.json:invoker.AdornRegisterInvoker from mod cobblemon
[17:06:28] [main/WARN]: Error loading class: net/minecraft/class_1140 (java.lang.ClassNotFoundException: net/minecraft/class_1140)
[17:06:28] [main/WARN]: @Mixin target net.minecraft.class_1140 was not found mixins.cobblemon-fabric.json:FabricSoundEngineMixin from mod cobblemon
[17:06:28] [main/WARN]: Error loading class: com/simibubi/create/content/schematics/SchematicPrinter (java.lang.ClassNotFoundException: com/simibubi/create/content/schematics/SchematicPrinter)
[17:06:28] [main/WARN]: Error loading class: net/minecraft/class_287 (java.lang.ClassNotFoundException: net/minecraft/class_287)
[17:06:28] [main/WARN]: @Mixin target net.minecraft.class_287 was not found owo.mixins.json:BufferBuilderAccessor from mod owo
[17:06:28] [main/WARN]: Error loading class: net/minecraft/class_437 (java.lang.ClassNotFoundException: net/minecraft/class_437)
[17:06:28] [main/WARN]: @Mixin target net.minecraft.class_437 was not found owo.mixins.json:ScreenAccessor from mod owo
[17:06:28] [main/WARN]: Error loading class: net/minecraft/class_638 (java.lang.ClassNotFoundException: net/minecraft/class_638)
[17:06:28] [main/WARN]: @Mixin target net.minecraft.class_638 was not found porting_lib_level_events.mixins.json:client.ClientLevelMixin from mod porting_lib_level_events
[17:06:28] [main/WARN]: Error loading class: net/minecraft/class_918 (java.lang.ClassNotFoundException: net/minecraft/class_918)
[17:06:28] [main/WARN]: @Mixin target net.minecraft.class_918 was not found rctmod.mixins.json:client.ItemRendererMixin from mod rctmod
[17:06:28] [main/WARN]: Error loading class: jeresources/api/util/BiomeHelper (java.lang.ClassNotFoundException: jeresources/api/util/BiomeHelper)
[17:06:28] [main/WARN]: Error loading class: yalter/mousetweaks/Main (java.lang.ClassNotFoundException: yalter/mousetweaks/Main)
[17:06:29] [main/INFO]: Registering config for libjf-translate-v1
[17:06:29] [main/INFO]: Registering config for respackopts
[17:06:29] [main/INFO]: Initializing MixinExtras via com.llamalad7.mixinextras.service.MixinExtrasServiceImpl(version=0.5.0).
[17:06:30] [main/WARN]: Error loading class: org/quiltmc/loader/api/plugin/ModContainerExt (java.lang.ClassNotFoundException: org/quiltmc/loader/api/plugin/ModContainerExt)
[17:06:30] [main/WARN]: Error loading class: org/quiltmc/loader/impl/util/DefaultLanguageAdapter (java.lang.ClassNotFoundException: org/quiltmc/loader/impl/util/DefaultLanguageAdapter)
[17:06:32] [main/INFO]: Loading Generated Config Loaders...
[17:06:32] [main/INFO]: Loaded 'neruina'
[17:06:34] [main/INFO]: Injecting BlockStateBase cache population hook into getOpacityIfCached from ca.spottedleaf.starlight.mixin.common.blockstate.BlockStateBaseMixin
[17:06:34] [main/INFO]: Injecting BlockStateBase cache population hook into isConditionallyFullOpaque from ca.spottedleaf.starlight.mixin.common.blockstate.BlockStateBaseMixin
[17:06:35] [main/WARN]: Method overwrite conflict for method_21740 in modernfix-common.mixins.json:perf.remove_biome_temperature_cache.BiomeMixin from mod modernfix, previously written by net.caffeinemc.mods.lithium.mixin.world.temperature_cache.BiomeMixin. Skipping method.
[17:06:40] [main/WARN]: Error loading class: net/minecraft/class_315 (java.lang.ClassNotFoundException: net/minecraft/class_315)
[17:06:40] [main/WARN]: Error loading class: net/minecraft/class_310 (java.lang.ClassNotFoundException: net/minecraft/class_310)
[17:06:40] [main/WARN]: Error loading class: net/minecraft/class_304 (java.lang.ClassNotFoundException: net/minecraft/class_304)
[17:06:40] [main/INFO]: Vanilla bootstrap took 8333 milliseconds
[17:06:41] [main/INFO]: Setting up compat modules for Accessories!
[17:06:41] [main/INFO]: Registered Trinkets Reloaded Listeners
[17:06:41] [main/INFO]: Mod proxy balm:permissions resolved as net.blay09.mods.balm.fabric.compat.FabricPermissionsAPIIntegration@537f1bd7
[17:06:43] [main/INFO]: Registering Mod Blocks for carved_wood
[17:06:43] [main/INFO]: Registering Mod Block Entities for carved_wood
[17:06:43] [main/INFO]: Registering Mod Recipes for carved_wood
[17:06:43] [main/INFO]: EveryCompat module is not loaded
[17:06:43] [main/INFO]: CobbleCuisine >> Loaded config in memory!
[17:06:43] [main/INFO]: CobbleCuisine >> Registering Effects...
[17:06:43] [main/INFO]: CobbleCuisine >> Registering Blocks...
[17:06:43] [main/INFO]: CobbleCuisine >> Registering Items...
[17:06:43] [main/INFO]: CobbleCuisine >> Injecting Loot Tables...
[17:06:43] [main/INFO]: CobbleCuisine >> Up and running! Time spent: 122,78ms
[17:06:43] [main/ERROR]: No data fixer registered for cobbledollars:cobble_merchant
[17:06:43] [main/INFO]: Registering C2S receiver with id cobblefurnies:craft_recipe
[17:06:43] [main/INFO]: Registering C2S receiver with id cobblefurnies:toggle_stove_lid
[17:06:43] [main/WARN]: Error loading class: net/minecraft/class_465 (java.lang.ClassNotFoundException: net/minecraft/class_465)
[17:06:43] [main/WARN]: Error loading class: net/minecraft/class_1132 (java.lang.ClassNotFoundException: net/minecraft/class_1132)
[17:06:43] [main/INFO]: Booting LaxPermissionValidator, permissions will be checked using Minecrafts permission level system, see https://minecraft.fandom.com/wiki/Permission_level
[17:06:43] [main/INFO]: Launching Cobblemon 1.7.3 
[17:06:43] [main/INFO]: Booting FabricPermissionValidator, permissions will be checked using fabric-permissions-api, see https://github.com/lucko/fabric-permissions-api
[17:06:44] [main/ERROR]: No data fixer registered for cobblemon:pokemon
[17:06:44] [main/ERROR]: No data fixer registered for cobblemon:empty_pokeball
[17:06:44] [main/ERROR]: No data fixer registered for cobblemon:boat
[17:06:44] [main/ERROR]: No data fixer registered for cobblemon:chest_boat
[17:06:44] [main/ERROR]: No data fixer registered for cobblemon:poke_bobber
[17:06:44] [main/ERROR]: No data fixer registered for cobblemon:generic_bedrock
[17:06:44] [main/ERROR]: No data fixer registered for cobblemon:npc
[17:06:45] [main/WARN]: Error loading class: net/minecraft/class_746 (java.lang.ClassNotFoundException: net/minecraft/class_746)
[17:06:45] [main/INFO]: Starting the Best Spawner...
[17:06:45] [main/INFO]: Loaded 7 spawning condition types.
[17:06:45] [main/INFO]: Loaded 6 spawnable position types.
[17:06:45] [main/INFO]: Loaded 3 spawn detail types.
[17:06:45] [Cobblemon Showdown/INFO]: Starting showdown service...
[17:06:45] [Cobblemon Showdown/INFO]: Showdown files are up to date (v1.0.0).
[17:06:49] [Cobblemon Showdown/INFO]: Showdown has been started!
[17:06:49] [main/INFO]: Note: Cobblemon data registries are only loaded once per server instance as Pokémon species are not safe to reload.
[17:06:49] [main/INFO]: Registered the mega_showdown:mega_showdown/custom_status registry
[17:06:49] [main/INFO]: Registered the mega_showdown:mega_showdown/showdown/moves registry
[17:06:49] [main/INFO]: Registered the mega_showdown:mega_showdown/showdown/ability registry
[17:06:49] [main/INFO]: Registered the mega_showdown:mega_showdown/showdown/conditions registry
[17:06:49] [main/INFO]: Registered the mega_showdown:mega_showdown/showdown/held_items registry
[17:06:49] [main/INFO]: Registered the mega_showdown:mega_showdown/showdown/typecharts registry
[17:06:49] [main/INFO]: Registered the mega_showdown:mega_showdown/showdown/scripts registry
[17:06:49] [main/INFO]: Registered the cobblemon:molang registry
[17:06:49] [main/INFO]: Registered the cobblemon:species_features registry
[17:06:49] [main/INFO]: Registered the cobblemon:global_species_features registry
[17:06:49] [main/INFO]: Registered the cobblemon:species_feature_assignments registry
[17:06:49] [main/INFO]: Registered the cobblemon:action_effects registry
[17:06:49] [main/INFO]: Registered the cobblemon:moves registry
[17:06:49] [main/INFO]: Registered the cobblemon:abilities registry
[17:06:49] [main/INFO]: Registered the cobblemon:behaviours registry
[17:06:49] [main/INFO]: Registered the cobblemon:species registry
[17:06:49] [main/INFO]: Registered the cobblemon:species_additions registry
[17:06:49] [main/INFO]: Registered the cobblemon:pokeballs registry
[17:06:49] [main/INFO]: Registered the cobblemon:properties_tab_completion registry
[17:06:49] [main/INFO]: Registered the cobblemon:spawn_detail_presets registry
[17:06:49] [main/INFO]: Registered the cobblemon:spawn_rules registry
[17:06:49] [main/INFO]: Registered the cobblemon:mechanics registry
[17:06:49] [main/INFO]: Registered the cobblemon:bag_items registry
[17:06:49] [main/INFO]: Registered the cobblemon:held_items registry
[17:06:49] [main/INFO]: Registered the cobblemon:dialogues registry
[17:06:49] [main/INFO]: Registered the cobblemon:natural_materials registry
[17:06:49] [main/INFO]: Registered the cobblemon:fossils registry
[17:06:49] [main/INFO]: Registered the cobblemon:npc_preset registry
[17:06:49] [main/INFO]: Registered the cobblemon:npc registry
[17:06:49] [main/INFO]: Registered the cobblemon:dex_entries registry
[17:06:49] [main/INFO]: Registered the cobblemon:dex_entry_additions registry
[17:06:49] [main/INFO]: Registered the cobblemon:dexes registry
[17:06:49] [main/INFO]: Registered the cobblemon:dex_additions registry
[17:06:49] [main/INFO]: Registered the cobblemon:cosmetic_items registry
[17:06:49] [main/INFO]: Registered the cobblemon:callbacks registry
[17:06:49] [main/INFO]: Registered the cobblemon:unlockable_pc_box_wallpapers registry
[17:06:49] [main/INFO]: Registered the cobblemon:marks registry
[17:06:49] [main/INFO]: Registered the cobblemon:starters registry
[17:06:49] [main/INFO]: Registered the cobblemon:spawn_pool_world registry
[17:06:49] [main/INFO]: Registered the cobblemon:pokerods registry
[17:06:49] [main/INFO]: Registered the cobblemon:berries registry
[17:06:49] [main/INFO]: Registered the cobblemon:seasonings registry
[17:06:49] [main/INFO]: Registered the cobblemon:pokemon_interactions registry
[17:06:49] [main/INFO]: Registered the cobblemon:spawn_bait_effects registry
[17:06:49] [main/INFO]: Registered the cobblemon:ride_settings registry
[17:06:50] [main/INFO]: Datagen: LootTableScanner disabled (set enableLootScan=true to enable).
[17:06:50] [main/INFO]: Datagen: ItemScanner disabled (set enableItemScan=true to enable).
[17:06:50] [main/INFO]: Mod compatibility check results: {cobblepedia=false, fightorflight=true, cobblenav=true, sophisticatedbackpacks=true, waystones=true, cobbledollars=true, travelersbackpack=false}
[17:06:50] [main/INFO]: Loaded lootRollMultiplierPercent = 64.0%
[17:06:50] [main/INFO]: ModifyLootTables initialized; loaded 11 configured tables
[17:06:50] [main/INFO]: LootRollScaler initialized
[17:06:50] [main/INFO]: Cobblemon Additions mod initialized successfully.
[17:06:50] [main/INFO]: CobblemonSpawnAlerts server initializing...
[17:06:50] [main/INFO]: Config file `server.json` loaded successfully.
[17:06:50] [main/INFO]: Config file `server.json` saved successfully.
[17:06:50] [main/INFO]: Config file `server_message_templates.json` loaded successfully.
[17:06:50] [main/INFO]: Config file `server_message_templates.json` saved successfully.
[17:06:50] [main/INFO]: Config file `rarities.json` loaded successfully.
[17:06:50] [main/INFO]: Config file `rarities.json` saved successfully.
[17:06:50] [main/INFO]: Config file `webhooks.json` loaded successfully.
[17:06:50] [main/INFO]: Config file `webhooks.json` saved successfully.
[17:06:50] [main/INFO]: Initializing Cobblemon Battle Positions
[17:06:50] [main/INFO]: Position blocks registered
[17:06:50] [main/INFO]: Creative tab registered
[17:06:50] [main/INFO]: Cobblemon Battle Positions ready
[17:06:50] [main/INFO]: Initialising cobblemonraiddens
[17:06:50] [main/INFO]: Registered the cobblenav:biome_platforms registry
[17:06:50] [main/INFO]: Registering cobblenav data store types!
[17:06:50] [main/INFO]: Registering items
[17:06:50] [main/INFO]: Registering data components
[17:06:51] [main/INFO]: Registering Mod Items for cozyhome
[17:06:51] [main/INFO]: Registering ModBlocks for cozyhome
[17:06:51] [main/INFO]: Registering block entities for cozyhome
[17:06:51] [main/INFO]: Registering Item Groups for cozyhome
[17:06:51] [main/INFO]: Registering Sounds for cozyhome
[17:06:51] [main/INFO]: Registering Mod Data Components for cozyhome
[17:06:51] [main/INFO]: Enabled 28 bug fixes: [MC-2025, MC-7569, MC-8187, MC-30391, MC-69216, MC-88371, MC-89146, MC-93018, MC-100991, MC-119417, MC-119754, MC-121706, MC-121903, MC-129909, MC-132878, MC-135971, MC-155509, MC-160095, MC-179072, MC-183990, MC-199467, MC-200418, MC-206922, MC-215530, MC-223153, MC-224729, MC-231743, MC-232869]
[17:06:51] [main/INFO]: Successfully Debugify'd your game!
[17:06:51] [main/INFO]: Initializing EmbersTextAPI for Fabric
[17:06:51] [main/INFO]: Fabric network handler registered
[17:06:51] [main/INFO]: EmbersTextAPI initialization complete
[17:06:51] [main/INFO]: [FANCYMENU] Loading v3.9.8 in server-side mode on FABRIC!
[17:06:51] [main/INFO]: Hello Fabric world from Fight or Flight!
[17:06:51] [main/ERROR]: No data fixer registered for fightorflight:tracing_bullet
[17:06:51] [main/ERROR]: No data fixer registered for fightorflight:arrow_projectile
[17:06:51] [main/ERROR]: No data fixer registered for fightorflight:bullet_projectile
[17:06:51] [main/ERROR]: No data fixer registered for fightorflight:spike_projectile
[17:06:51] [main/ERROR]: No data fixer registered for fightorflight:floating_spike_projectile
[17:06:51] [main/ERROR]: No data fixer registered for fightorflight:sticky_web
[17:06:51] [main/ERROR]: No data fixer registered for fightorflight:tornado
[17:06:51] [main/ERROR]: No data fixer registered for fightorflight:whirlpool
[17:06:51] [main/ERROR]: No data fixer registered for fightorflight:magic_effect
[17:06:51] [main/INFO]: Registering C2S receiver with id fightorflight:send_command
[17:06:51] [main/INFO]: Registering C2S receiver with id fightorflight:send_move_slot
[17:06:51] [main/INFO]: Registering C2S receiver with id fightorflight:start_battle
[17:06:52] [main/ERROR]: No data fixer registered for handcrafted
[17:06:52] [main/INFO]: Huge Structure Blocks is now making your structure blocks even bigger!
[17:06:52] [main/INFO]: New structure size = 512
[17:06:52] [main/INFO]: Setting up file watchers
[17:06:52] [main/INFO]: [KONKRETE] Loading v1.9.9 in server-side mode on FABRIC!
[17:06:52] [main/INFO]: ---------------------------
[17:06:52] [main/INFO]: KONKRETE SHIPS AND USES THE FOLLOWING LIBRARIES:
[17:06:52] [main/INFO]:  
[17:06:52] [main/INFO]: Open Imaging Copyright © 2014 Dhyan Blum.
[17:06:52] [main/INFO]: Open Imaging is licensed under Apache-2.0.
[17:06:52] [main/INFO]:  
[17:06:52] [main/INFO]: JsonPath Copyright © 2017 Jayway.
[17:06:52] [main/INFO]: JsonPath is licensed under Apache-2.0.
[17:06:52] [main/INFO]:  
[17:06:52] [main/INFO]: Json-smart Copyright © netplex.
[17:06:52] [main/INFO]: Json-smart is licensed under Apache-2.0.
[17:06:52] [main/INFO]:  
[17:06:52] [main/INFO]: Exp4j Copyright © Frank Asseg.
[17:06:52] [main/INFO]: Exp4j is licensed under Apache-2.0. https://github.com/fasseg/exp4j
[17:06:52] [main/INFO]: ---------------------------
[17:06:52] [main/INFO]: [KONKRETE] Server-side modules initialized and ready to use!
[17:06:52] [main/INFO]: Compression will use Java, encryption will use Java
[17:06:52] [main/INFO]: Initializing Legendary Monuments mod!
[17:06:52] [main/INFO]: Registering mod entities for legendarymonuments
[17:06:52] [main/INFO]: Registered alternative Distortion World chunk generator
[17:06:52] [main/INFO]: Registering Distortion World dimension
[17:06:52] [main/INFO]: Registering structures for map discovery
[17:06:52] [main/INFO]: Registered Distortion Sign Block Entities
[17:06:52] [main/INFO]: Registering Block Entities for legendarymonuments
[17:06:52] [main/INFO]: Registered Legendary Pokemon Pedestal Block Entities
[17:06:52] [main/INFO]: Registered Eternatus Cocoon Block Entity
[17:06:52] [main/INFO]: Registering world generation features...
[17:06:52] [main/INFO]: Registered stake feature
[17:06:52] [main/INFO]: Registering Block Entities for legendarymonuments
[17:06:52] [main/INFO]: Registered Legendary Pokemon Pedestal Block Entities
[17:06:52] [main/INFO]: Registered Eternatus Cocoon Block Entity
[17:06:52] [main/INFO]: Registered stake feature
[17:06:52] [main/INFO]: Registered stake placements for all nether biomes
[17:06:52] [main/INFO]: Registering ore generation...
[17:06:52] [main/INFO]: Registering ModPlacedFeatures for legendarymonuments
[17:06:52] [main/INFO]: Registering Galar Particle ore placed features
[17:06:52] [main/INFO]: Applying ore generation to biomes...
[17:06:52] [main/INFO]: Registering ore generation features...
[17:06:52] [main/INFO]: Adding Galar Particle ore features to biomes
[17:06:52] [main/INFO]: Successfully registered Galar Particle ore features
[17:06:52] [main/INFO]: Legendary Monuments mod initialization complete!
[17:06:52] [main/INFO]: Registering Custom Recipes for lumymon
[17:06:52] [main/INFO]: LumyMon v0.6.6 - Made by LUMYVERSE
[17:06:53] [main/INFO]: Registering C2S receiver with id mega_showdown:mega_evo
[17:06:53] [main/INFO]: Registering C2S receiver with id mega_showdown:ultra_burst
[17:06:53] [main/INFO]: Registering C2S receiver with id mega_showdown:secret_sword_move_swap
[17:06:53] [main/WARN]: [MELODY] Disabling Melody since it's loaded server-side.
[17:06:53] [main/INFO]: Registering ModBlocks for moarconcrete
[17:06:53] [main/INFO]: NoChatRestrictions Fabric mod initialized!
[17:06:53] [main/INFO]: Blodhgarm: Did you know it took four switcheroos to implement MatrixStackTransformer in the correct package?
[17:06:53] [main/INFO]: I am quite particular about the effects I choose to add :3
[17:06:53] [main/INFO]: [Ping-Wheel] Init
[17:06:53] [main/INFO]: [Ping-Wheel] Loaded ServerConfig(defaultChannelMode=auto, playerTrackingEnabled=true, msToRegenerate=1000, rateLimit=5)
[17:06:53] [main/INFO]: Registering ItemGroups for pokeblocks
[17:06:53] [main/INFO]: Registering ModItems for pokeblocks
[17:06:53] [main/INFO]: Registering ModBlocks for pokeblocks
[17:06:53] [ToggleableConfigWatchService/INFO]: Registering config for libjf-config-core-v2
[17:06:53] [ToggleableConfigWatchService/INFO]: Created config watch service
[17:06:53] [main/INFO]: Registering mod entities for pokeblocks
[17:06:54] [main/ERROR]: No data fixer registered for trainer
[17:06:54] [main/ERROR]: No data fixer registered for trainer_association
[17:06:54] [main/INFO]: Registering C2S receiver with id rctmod:client_action
[17:06:54] [main/INFO]: Registering C2S receiver with id roughlyenoughitems:request_tags_c2s
[17:06:54] [main/INFO]: [REI] Registered plugin provider DefaultPlugin [roughlyenoughitems] for REIPlugin
[17:06:54] [main/INFO]: [REI] Registered plugin provider DefaultRuntimePlugin [roughlyenoughitems] for REIPlugin
[17:06:54] [main/INFO]: [REI] Registered plugin provider REIServerCompat [sophisticatedbackpacks] for REIPlugin
[17:06:54] [main/INFO]: [REI] Registered plugin provider REIServerCompat [sophisticatedcore] for REIPlugin
[17:06:54] [main/INFO]: [REI] Registered plugin provider REIServerCompat [sophisticatedstorage] for REIPlugin
[17:06:54] [main/INFO]: [REI] Registered plugin provider DefaultPlugin [roughlyenoughitems] for REIServerPlugin
[17:06:54] [main/INFO]: [REI] Registered plugin provider DefaultRuntimePlugin [roughlyenoughitems] for REIServerPlugin
[17:06:54] [main/INFO]: [REI] Registered plugin provider REIServerCompat [sophisticatedbackpacks] for REIServerPlugin
[17:06:54] [main/INFO]: [REI] Registered plugin provider REIServerCompat [sophisticatedcore] for REIServerPlugin
[17:06:54] [main/INFO]: [REI] Registered plugin provider REIServerCompat [sophisticatedstorage] for REIServerPlugin
[17:06:54] [main/INFO]: [REI] Registered plugin provider FabricFluidAPISupportPlugin for REIServerPlugin
[17:06:54] [main/INFO]: [REI] Registered plugin provider FabricFluidAPISupportPlugin for REIPlugin
[17:06:54] [main/INFO]: Registering C2S receiver with id roughlyenoughitems:delete_item
[17:06:54] [main/INFO]: Registering C2S receiver with id roughlyenoughitems:create_item
[17:06:54] [main/INFO]: Registering C2S receiver with id roughlyenoughitems:create_item_grab
[17:06:54] [main/INFO]: Registering C2S receiver with id roughlyenoughitems:create_item_hotbar
[17:06:54] [main/INFO]: Registering C2S receiver with id roughlyenoughitems:move_items
[17:06:54] [main/INFO]: Registering C2S receiver with id roughlyenoughitems:move_items_new
[17:06:55] [main/ERROR]: No data fixer registered for 
[17:06:55] [main/INFO]: Creating asynchronous mapping cache executor...
[17:06:55] [Mappings Cache Thread #1/INFO]: Verifying cache of yarn mappings...
[17:06:55] [Mappings Cache Thread #1/INFO]: Latest build for yarn is already cached (44 hour(s) ago, refresh in 4 hour(s))
[17:06:55] [Mappings Cache Thread #1/INFO]: Mappings for yarn build 1.21.1+build.3 are already downloaded
[17:06:55] [Mappings Cache Thread #1/INFO]: Verified cache of yarn mappings (took 3ms)
[17:06:55] [Mappings Cache Thread #1/INFO]: Parsing yarn mappings...
[17:06:55] [Mappings Cache Thread #1/INFO]: Parsed yarn mappings (took 201ms)
[17:06:55] [Mappings Cache Thread #1/INFO]: Caching yarn mappings...
[17:06:55] [Mappings Cache Thread #1/INFO]: Cached yarn mappings (took 69ms)
[17:06:55] [Mappings Cache Thread #1/INFO]: Cached mappings have been built (took 278ms)
[17:06:55] [Mappings Cache Thread #1/INFO]:   Classes: 7535
[17:06:55] [Mappings Cache Thread #1/INFO]:   Methods: 27638
[17:06:55] [Mappings Cache Thread #1/INFO]:   Fields: 32194
[17:06:55] [ForkJoinPool.commonPool-worker-1/INFO]: Shutting down asynchronous mapping cache executor...
[17:06:55] [ForkJoinPool.commonPool-worker-1/INFO]: Injecting into root logger...
[17:06:56] [main/INFO]: Tom's Storage Setup starting
[17:06:56] [main/ERROR]: No data fixer registered for sulfur_cube
[17:06:56] [main/ERROR]: No data fixer registered for creaking
[17:06:56] [main/ERROR]: No data fixer registered for happy_ghast
[17:06:56] [main/ERROR]: No data fixer registered for pale_oak_boat
[17:06:56] [main/ERROR]: No data fixer registered for pale_oak_chest_boat
[17:06:57] [main/INFO]: Zamega Mod 正在初始化!
[17:06:57] [main/INFO]: Hello Fabric world!
[17:06:57] [main/INFO]: Krypton is now accelerating your Minecraft server's networking stack 🚀
[17:06:57] [main/INFO]: Registering common data for channel xaerolib:main!
[17:06:57] [main/INFO]: Loading primary common config for channel xaerolib:main!
[17:06:57] [main/INFO]: Loading server config profiles for channel xaerolib:main!
[17:06:57] [main/INFO]: Loading XaeroLib common 1/2!
[17:06:57] [main/INFO]: Loading XaeroLib server 1/2!
[17:06:57] [main/INFO]: Registering common data for channel xaerominimap:main!
[17:06:57] [main/INFO]: Loading primary common config for channel xaerominimap:main!
[17:06:57] [main/INFO]: Loading server config profiles for channel xaerominimap:main!
[17:06:57] [main/INFO]: Loading Xaero's Minimap - Stage 1/2 (Server)
[17:06:57] [main/INFO]: Registering common data for channel xaeroworldmap:main!
[17:06:57] [main/INFO]: Loading primary common config for channel xaeroworldmap:main!
[17:06:57] [main/INFO]: Loading server config profiles for channel xaeroworldmap:main!
[17:06:57] [main/INFO]: Loading Xaero's World Map - Stage 1/2 (Server)
[17:06:57] [main/ERROR]: Registry 'minecraft:wolf_sound_variant' was empty after loading
[17:06:57] [main/ERROR]: Registry 'minecraft:cow_variant' was empty after loading
[17:06:57] [main/ERROR]: Registry 'minecraft:chicken_variant' was empty after loading
[17:06:57] [main/ERROR]: Registry 'minecraft:pig_variant' was empty after loading
[17:06:57] [main/ERROR]: Registry 'vanillabackport:wolf_variant' was empty after loading
[17:06:57] [main/ERROR]: Registry 'vanillabackport:frog_variant' was empty after loading
[17:06:57] [main/ERROR]: Registry 'vanillabackport:cat_variant' was empty after loading
[17:06:57] [main/ERROR]: Registry 'vanillabackport:sulfur_cube_archetypes' was empty after loading
[17:06:57] [main/INFO]: Environment: Environment[sessionHost=https://sessionserver.mojang.com, servicesHost=https://api.minecraftservices.com, name=PROD]
[17:06:57] [main/INFO]: 1 chiseling plugins were registered: [rechiseled:datapacks]
[17:07:00] [Worker-Main-3/WARN]: Could not extract numeric min/max for bca:general/bedroom; skipping roll scaling
[17:07:00] [Worker-Main-3/WARN]: Could not extract numeric min/max for bca:general/attic; skipping roll scaling
[17:07:00] [Worker-Main-3/WARN]: Could not extract numeric min/max for bca:general/blacksmith; skipping roll scaling
[17:07:00] [Worker-Main-3/WARN]: Could not extract numeric min/max for bca:general/miner; skipping roll scaling
[17:07:00] [Worker-Main-3/WARN]: Could not extract numeric min/max for bca:general/gardening; skipping roll scaling
[17:07:00] [Worker-Main-3/WARN]: Could not extract numeric min/max for bca:general/ice_chest; skipping roll scaling
[17:07:00] [Worker-Main-3/WARN]: Could not extract numeric min/max for bca:general/kitchen; skipping roll scaling
[17:07:00] [Worker-Main-3/WARN]: Could not extract numeric min/max for bca:general/sittingroom; skipping roll scaling
[17:07:00] [Worker-Main-3/WARN]: Could not extract numeric min/max for bca:general/workshop; skipping roll scaling
[17:07:00] [Worker-Main-3/WARN]: Could not extract numeric min/max for bca:general/pokecenter; skipping roll scaling
[17:07:00] [Worker-Main-3/WARN]: Could not extract numeric min/max for bca:general/potions; skipping roll scaling
[17:07:00] [Worker-Main-3/WARN]: Could not extract numeric min/max for bca:general/easter_egg; skipping roll scaling
[17:07:01] [Worker-Main-3/INFO]: Registering 3 commands
[17:07:01] [Worker-Main-3/INFO]: Commands registered
[17:07:01] [Worker-Main-3/INFO]: Registered commands
[17:07:01] [Worker-Main-3/INFO]: Loading config file lenientdeath.json5
[17:07:03] [Worker-Main-14/INFO]: [FOF] Preparing to read move data
[17:07:03] [Worker-Main-13/INFO]: All Tags to be dealt with: [accessories:belt, accessories:back]
[17:07:03] [Worker-Main-13/WARN]: [RuntimeTagModification] Adding Entries from [trinkets:legs/belt] to [accessories:belt]: 
     [toms_storage:adv_wireless_terminal (from toms_storage)]
[17:07:03] [Worker-Main-13/WARN]: [RuntimeTagModification] Adding Entries from [trinkets:chest/back] to [accessories:back]: 
     [sophisticatedbackpacks:backpack (from sophisticatedbackpacks), sophisticatedbackpacks:copper_backpack (from sophisticatedbackpacks), sophisticatedbackpacks:iron_backpack (from sophisticatedbackpacks), sophisticatedbackpacks:gold_backpack (from sophisticatedbackpacks), sophisticatedbackpacks:diamond_backpack (from sophisticatedbackpacks), sophisticatedbackpacks:netherite_backpack (from sophisticatedbackpacks)]
[17:07:03] [Worker-Main-9/INFO]: Loaded 0 Custom Model Data mappings from Data Packs.
[17:07:03] [main/INFO]: Loaded 5861 recipes
[17:07:04] [main/INFO]: Loaded 4759 advancements
[17:07:04] [main/INFO]: Loaded custom elemental statuses
[17:07:04] [main/INFO]: Loaded 10 server scripts and 1 client scripts
[17:07:07] [main/INFO]: Loaded 937 moves
[17:07:08] [main/INFO]: Loaded 318 abilities
[17:07:08] [main/INFO]: FOF tasks injected
[17:07:08] [main/INFO]: Loaded 49 entity behaviours
[17:07:09] [main/INFO]: Finished additions
[17:07:09] [cobblemon Datafixer Bootstrap/INFO]: 4 Datafixer optimizations took 59 milliseconds
[17:07:10] [main/INFO]: Loaded 1025 Pokémon species
[17:07:10] [main/INFO]: Loaded 28 spawn detail presets.
[17:07:10] [main/INFO]: Starting dummy Showdown battle to force it to pre-load data.
[17:07:11] [main/INFO]: Imported 266 held item IDs from showdown
[17:07:12] [main/INFO]: Loaded 19 fossils
[17:07:12] [main/ERROR]: Invalid path in mod resource-pack cobblemon: cobblemon:dex_entry_additions/README.md, ignoring
[17:07:12] [main/ERROR]: Invalid path in mod resource-pack cobblemon: cobblemon:dex_additions/README.md, ignoring
[17:07:12] [main/ERROR]: Unable to apply dex addition cobblemon:mega_z as the sub-dex cobblemon:mega_z does not exist
[17:07:12] [main/INFO]: Loaded 6 callbacks and 0 client callbacks
[17:07:12] [main/INFO]: Loaded 168 marks
[17:07:13] [main/INFO]: Loaded 70 berries
[17:07:13] [main/INFO]: Loaded 137 Pokémon interaction sets
[17:07:13] [main/INFO]: Loaded 7 biome platforms
[17:07:13] [main/INFO]: Registering raid bosses
[17:07:13] [main/INFO]: Registering raid buckets
[17:07:13] [main/INFO]: Registered 0 raid buckets
[17:07:13] [main/INFO]: Registering raid den pools
[17:07:13] [main/INFO]: Registering raid den structures
[17:07:14] [main/INFO]: Registering boss additions
[17:07:15] [main/INFO]: Registered 20 boss additions
[17:07:15] [main/INFO]: Registered 19225 raid bosses
[17:07:15] [main/INFO]: Reloading configuration
[17:07:15] [main/INFO]: Done reloading configuration
[17:07:15] [main/INFO]: [FOF] 72 move data files processed.
[17:07:15] [main/INFO]: Poké Snack Blacklist: Loaded 47 species from custom.json
[17:07:15] [main/INFO]: Poké Snack Blacklist: Loaded 20 species from paradox.json
[17:07:15] [main/INFO]: Custom Model Data Mappings are now ready.
[17:07:16] [main/INFO]: [REI] ~~~~~~~~~~~~~~~~~~~~~~~~~~~~~~~~~~~~~~~~
[17:07:16] [main/INFO]: [REI] REIPlugin starting main-reload for START.
[17:07:16] [main/INFO]: [REI] Plugins (6):
[17:07:16] [main/INFO]: [REI]  - (-100,00) DefaultPlugin of DefaultPlugin [roughlyenoughitems]
[17:07:16] [main/INFO]: [REI]  - (0,00) FabricFluidAPISupportPlugin
[17:07:16] [main/INFO]: [REI]  - (0,00) REIServerCompat of REIServerCompat [sophisticatedstorage]
[17:07:16] [main/INFO]: [REI]  - (0,00) REIServerCompat of REIServerCompat [sophisticatedcore]
[17:07:16] [main/INFO]: [REI]  - (0,00) REIServerCompat of REIServerCompat [sophisticatedbackpacks]
[17:07:16] [main/INFO]: [REI]  - (0,00) DefaultRuntimePlugin of DefaultRuntimePlugin [roughlyenoughitems]
[17:07:16] [main/INFO]: [REI] ~~~~~~~~~~~~~~~~~~~~~~~~~~~~~~~~~~~~~~~~
[17:07:16] [main/INFO]: [REI] ========================================
[17:07:16] [main/INFO]: [REI] REIServerPlugin starting main-reload for START.
[17:07:16] [main/INFO]: [REI] Plugins (6):
[17:07:16] [main/INFO]: [REI]  - (-100,00) DefaultPlugin of DefaultPlugin [roughlyenoughitems]
[17:07:16] [main/INFO]: [REI]  - (0,00) FabricFluidAPISupportPlugin
[17:07:16] [main/INFO]: [REI]  - (0,00) REIServerCompat of REIServerCompat [sophisticatedstorage]
[17:07:16] [main/INFO]: [REI]  - (0,00) REIServerCompat of REIServerCompat [sophisticatedcore]
[17:07:16] [main/INFO]: [REI]  - (0,00) REIServerCompat of REIServerCompat [sophisticatedbackpacks]
[17:07:16] [main/INFO]: [REI]  - (0,00) DefaultRuntimePlugin of DefaultRuntimePlugin [roughlyenoughitems]
[17:07:16] [main/INFO]: [REI] ========================================
[17:07:16] [main/INFO]: [REI] REIPlugin finished post-reload for START in 1.575 ms, totaling 53.69 ms.
[17:07:16] [main/INFO]: [REI] REIServerPlugin finished post-reload for START in 998.3 μs, totaling 6.184 ms.
[17:07:16] [main/INFO]: [REI] %%%%%%%%%%%%%%%%%%%%%%%%%%%%%%%%%%%%%%%%
[17:07:16] [main/INFO]: [REI] REIPlugin starting main-reload for END.
[17:07:16] [main/INFO]: [REI] Plugins (6):
[17:07:16] [main/INFO]: [REI]  - (-100,00) DefaultPlugin of DefaultPlugin [roughlyenoughitems]
[17:07:16] [main/INFO]: [REI]  - (0,00) FabricFluidAPISupportPlugin
[17:07:16] [main/INFO]: [REI]  - (0,00) REIServerCompat of REIServerCompat [sophisticatedstorage]
[17:07:16] [main/INFO]: [REI]  - (0,00) REIServerCompat of REIServerCompat [sophisticatedcore]
[17:07:16] [main/INFO]: [REI]  - (0,00) REIServerCompat of REIServerCompat [sophisticatedbackpacks]
[17:07:16] [main/INFO]: [REI]  - (0,00) DefaultRuntimePlugin of DefaultRuntimePlugin [roughlyenoughitems]
[17:07:16] [main/INFO]: [REI] %%%%%%%%%%%%%%%%%%%%%%%%%%%%%%%%%%%%%%%%
[17:07:16] [main/INFO]: [REI] ========================================
[17:07:16] [main/INFO]: [REI] REIServerPlugin starting main-reload for END.
[17:07:16] [main/INFO]: [REI] Plugins (6):
[17:07:16] [main/INFO]: [REI]  - (-100,00) DefaultPlugin of DefaultPlugin [roughlyenoughitems]
[17:07:16] [main/INFO]: [REI]  - (0,00) FabricFluidAPISupportPlugin
[17:07:16] [main/INFO]: [REI]  - (0,00) REIServerCompat of REIServerCompat [sophisticatedstorage]
[17:07:16] [main/INFO]: [REI]  - (0,00) REIServerCompat of REIServerCompat [sophisticatedcore]
[17:07:16] [main/INFO]: [REI]  - (0,00) REIServerCompat of REIServerCompat [sophisticatedbackpacks]
[17:07:16] [main/INFO]: [REI]  - (0,00) DefaultRuntimePlugin of DefaultRuntimePlugin [roughlyenoughitems]
[17:07:16] [main/INFO]: [REI] ========================================
[17:07:16] [main/INFO]: [REI] REIPlugin finished post-reload for END in 1.181 ms, totaling 54.91 ms.
[17:07:16] [main/INFO]: [REI] REIServerPlugin finished post-reload for END in 542.6 μs, totaling 9.192 ms.
[17:07:16] [ForkJoinPool.commonPool-worker-1/INFO]: Loaded 48 translation keys
[17:07:16] [main/INFO]: Loaded 1 trades
[17:07:16] [main/INFO]: Loaded 44 chiseling recipes
[17:07:16] [main/WARN]: Not all defined tags for registry ResourceKey[minecraft:root / minecraft:worldgen/biome] are present in data pack: cobbleverse:has_structure/lake_acuity, cobbleverse:has_structure/lake_valor, cobbleverse:has_structure/lake_verity, cobbleverse:has_structure/stark_mountain, cobbleverse:has_structure/turnback_cave
[17:07:16] [main/WARN]: [BiomeReplacer] Config issue on line 9: Biome 'terralith:alpha_islands' does not exist, ignoring rule
[17:07:16] [main/WARN]: [BiomeReplacer] Config issue on line 10: Biome 'terralith:alpha_islands_winter' does not exist, ignoring rule
[17:07:16] [main/WARN]: [BiomeReplacer] Config issue on line 11: Biome 'terralith:basalt_cliffs' does not exist, ignoring rule
[17:07:16] [main/WARN]: [BiomeReplacer] Config issue on line 12: Biome 'terralith:cave/infested_caves' does not exist, ignoring rule
[17:07:16] [main/WARN]: [BiomeReplacer] Config issue on line 13: Biome 'terralith:cave/mantle_caves' does not exist, ignoring rule
[17:07:16] [main/WARN]: [BiomeReplacer] Config issue on line 14: Biome 'terralith:cave/thermal_caves' does not exist, ignoring rule
[17:07:16] [main/WARN]: [BiomeReplacer] Config issue on line 15: Biome 'terralith:cave/tuff_caves' does not exist, ignoring rule
[17:07:16] [main/WARN]: [BiomeReplacer] Config issue on line 16: Biome 'terralith:desert_spires' does not exist, ignoring rule
[17:07:16] [main/WARN]: [BiomeReplacer] Config issue on line 17: Biome 'terralith:emerald_peaks' does not exist, ignoring rule
[17:07:16] [main/WARN]: [BiomeReplacer] Config issue on line 18: Biome 'terralith:fractured_savanna' does not exist, ignoring rule
[17:07:16] [main/WARN]: [BiomeReplacer] Config issue on line 19: Biome 'terralith:frozen_cliffs' does not exist, ignoring rule
[17:07:16] [main/WARN]: [BiomeReplacer] Config issue on line 20: Biome 'terralith:granite_cliffs' does not exist, ignoring rule
[17:07:16] [main/WARN]: [BiomeReplacer] Config issue on line 21: Biome 'terralith:gravel_desert' does not exist, ignoring rule
[17:07:16] [main/WARN]: [BiomeReplacer] Config issue on line 22: Biome 'terralith:haze_mountain' does not exist, ignoring rule
[17:07:16] [main/WARN]: [BiomeReplacer] Config issue on line 23: Biome 'terralith:highlands' does not exist, ignoring rule
[17:07:16] [main/WARN]: [BiomeReplacer] Config issue on line 24: Biome 'terralith:jungle_mountains' does not exist, ignoring rule
[17:07:16] [main/WARN]: [BiomeReplacer] Config issue on line 25: Biome 'terralith:painted_mountains' does not exist, ignoring rule
[17:07:16] [main/WARN]: [BiomeReplacer] Config issue on line 26: Biome 'terralith:rocky_shrubland' does not exist, ignoring rule
[17:07:16] [main/WARN]: [BiomeReplacer] Config issue on line 27: Biome 'terralith:savanna_badlands' does not exist, ignoring rule
[17:07:16] [main/WARN]: [BiomeReplacer] Config issue on line 28: Biome 'terralith:scarlet_mountains' does not exist, ignoring rule
[17:07:16] [main/WARN]: [BiomeReplacer] Config issue on line 29: Biome 'terralith:shield_clearing' does not exist, ignoring rule
[17:07:16] [main/WARN]: [BiomeReplacer] Config issue on line 30: Biome 'terralith:skylands_autumn' does not exist, ignoring rule
[17:07:16] [main/WARN]: [BiomeReplacer] Config issue on line 31: Biome 'terralith:skylands_spring' does not exist, ignoring rule
[17:07:16] [main/WARN]: [BiomeReplacer] Config issue on line 32: Biome 'terralith:skylands_summer' does not exist, ignoring rule
[17:07:16] [main/WARN]: [BiomeReplacer] Config issue on line 33: Biome 'terralith:skylands_winter' does not exist, ignoring rule
[17:07:16] [main/WARN]: [BiomeReplacer] Config issue on line 34: Biome 'terralith:snowy_maple_forest' does not exist, ignoring rule
[17:07:16] [main/WARN]: [BiomeReplacer] Config issue on line 35: Biome 'terralith:stony_spires' does not exist, ignoring rule
[17:07:16] [main/WARN]: [BiomeReplacer] Config issue on line 36: Biome 'terralith:tropical_jungle' does not exist, ignoring rule
[17:07:16] [main/WARN]: [BiomeReplacer] Config issue on line 37: Biome 'terralith:warped_mesa' does not exist, ignoring rule
[17:07:16] [main/WARN]: [BiomeReplacer] Config issue on line 38: Biome 'terralith:white_mesa' does not exist, ignoring rule
[17:07:16] [main/WARN]: [BiomeReplacer] Config issue on line 39: Biome 'terralith:windswept_spires' does not exist, ignoring rule
[17:07:16] [main/WARN]: [BiomeReplacer] Config issue on line 40: Biome 'terralith:yellowstone' does not exist, ignoring rule
[17:07:16] [main/INFO]: [BiomeReplacer] Loaded 0 rules (0 direct, 0 tag-based) and ignored 32
[17:07:16] [main/INFO]: [BiomeReplacer] No rules found, not replacing anything
[17:07:16] [main/WARN]: Initial datapack load took 18.27 s
[17:07:16] [main/INFO]: Applied 1156 biome modifications to 70 of 70 new biomes in 54.22 ms
[17:07:17] [Server thread/INFO]: Loading default shop config...
[17:07:17] [Server thread/INFO]: Default shop config loaded!
[17:07:17] [Server thread/INFO]: Loading bank config...
[17:07:17] [Server thread/INFO]: Bank config loaded!
[17:07:17] [Server thread/INFO]: Registered 8 collectors and 4 block collectors
[17:07:17] [Server thread/INFO]: MobsBeGone >> Total Entity Types: 162 | Bit Array Size: 3 longs / 192 bits | Blacklisted Entities: 81
[17:07:17] [Server thread/INFO]: MobsBeGone >> Up and running!
[17:07:17] [Server thread/INFO]: Loading XaeroLib common 2/2!
[17:07:17] [Server thread/INFO]: Loading XaeroLib server 2/2!
[17:07:17] [Server thread/INFO]: Starting minecraft server version 1.21.1
[17:07:17] [Server thread/INFO]: Loading properties
[17:07:17] [Server thread/INFO]: Default game type: SURVIVAL
[17:07:17] [Server thread/INFO]: Generating keypair
[17:07:17] [Server thread/INFO]: Starting Minecraft server on 26.194.245.3:25565
[17:07:17] [Server thread/INFO]: Using default channel type
[17:07:18] [Server thread/WARN]: **** SERVER IS RUNNING IN OFFLINE/INSECURE MODE!
[17:07:18] [Server thread/WARN]: The server will make no attempt to authenticate usernames. Beware.
[17:07:18] [Server thread/WARN]: While this makes the game possible to play without internet access, it also opens up the ability for hackers to connect with any username they choose.
[17:07:18] [Server thread/WARN]: To change this, set "online-mode" to "true" in the server.properties file.
[17:07:18] [Server thread/INFO]: Preparing level "world"
[17:07:18] [Server thread/INFO]: Enforcing safe world random access
[17:07:18] [Server thread/INFO]: Using TheSpeedyObjectFactory with Unsafe
[17:07:19] [Server thread/INFO]: Preparing start region for dimension minecraft:overworld
[17:07:19] [Server thread/INFO]: [STDOUT]: [ScalableLux] Lighting scaling is enabled in externally managed mode
[17:07:20] [c2me-worker-0/INFO]: Preparing spawn area: 0%
[17:07:20] [c2me-worker-0/INFO]: Preparing spawn area: 0%
[17:07:20] [c2me-worker-5/INFO]: Preparing spawn area: 4%
[17:07:21] [Server thread/WARN]: Error loading class: net/minecraft/class_1043 (java.lang.ClassNotFoundException: net/minecraft/class_1043)
[17:07:21] [Server thread/INFO]: Time elapsed: 2116 ms
[17:07:21] [Server thread/INFO]: Done (3.673s)! For help, type "help"
[17:07:21] [Server thread/WARN]: Dedicated server took 57.766 seconds to load
[17:07:21] [Server thread/INFO]: Optimizing spawn pools...
[17:07:22] [Server thread/INFO]: [BattleExtras] Loaded server config from C:\Minecraft\serverCobbleverse\config\cobblemon-battle-extras-server.json
[17:07:22] [Server thread/INFO]: Initializing progress storage systems
[17:07:22] [Server thread/INFO]: === STARTING SHRINE TRACKER INITIALIZATION ===
[17:07:22] [Server thread/INFO]: Successfully loaded shrine progress data for 2 worlds and 4 total players
[17:07:22] [Server thread/INFO]: === SHRINE TRACKER INITIALIZATION SUCCESSFUL ===
[17:07:22] [Server thread/INFO]: No blacklist files found, skipping blacklist loading
[17:07:22] [Server thread/INFO]: Loading Xaero's Minimap - Stage 2/2 (Server)
[17:07:22] [Server thread/INFO]: Loading Xaero's World Map - Stage 2/2 (Server)
[17:07:22] [Server thread/INFO]: Data pack initialized: rctmod
[17:07:22] [Server thread/INFO]: Data pack initialized: COBBLEVERSE-RCT-DP-v20.zip
[17:07:29] [Server thread/INFO]: Registered 1714 trainers
[17:07:29] [Server thread/WARN]: Can't keep up! Is the server overloaded? Running 7981ms or 159 ticks behind
[17:07:30] [Server thread/INFO]: [STDOUT]: Lithium Cached BlockState Flags are disabled!
[17:07:56] [Server thread/INFO]: Stopping the server
[17:07:56] [Server thread/INFO]: Server stopping, saving all player progress data
[17:07:56] [Server thread/INFO]: Stopping server
[17:07:56] [Server thread/INFO]: Saving players
[17:07:56] [Server thread/INFO]: Saving worlds
[17:07:56] [Server thread/INFO]: ServerLevel[Bomboclat Rastaclat]/minecraft:overworld: waiting for 841 chunks to unload
[17:07:56] [Server thread/INFO]: Saving chunks for level 'ServerLevel[Bomboclat Rastaclat]'/minecraft:overworld
[17:07:56] [Server thread/INFO]: Saving chunks for level 'ServerLevel[Bomboclat Rastaclat]'/legendarymonuments:distortion_world
[17:07:56] [Server thread/INFO]: Saving chunks for level 'ServerLevel[Bomboclat Rastaclat]'/lumymon:nightmare
[17:07:56] [Server thread/INFO]: Saving chunks for level 'ServerLevel[Bomboclat Rastaclat]'/minecraft:the_nether
[17:07:56] [Server thread/INFO]: Saving chunks for level 'ServerLevel[Bomboclat Rastaclat]'/cobblemonraiddens:raid_dimension
[17:07:56] [Server thread/INFO]: Saving chunks for level 'ServerLevel[Bomboclat Rastaclat]'/minecraft:the_end
[17:07:56] [Server thread/INFO]: Saving chunks for level 'ServerLevel[Bomboclat Rastaclat]'/lumymon:origin
[17:07:56] [Server thread/INFO]: ThreadedAnvilChunkStorage (world): All chunks are saved
[17:07:56] [Server thread/INFO]: ThreadedAnvilChunkStorage (distortion_world): All chunks are saved
[17:07:56] [Server thread/INFO]: ThreadedAnvilChunkStorage (nightmare): All chunks are saved
[17:07:56] [Server thread/INFO]: ThreadedAnvilChunkStorage (DIM-1): All chunks are saved
[17:07:56] [Server thread/INFO]: ThreadedAnvilChunkStorage (raid_dimension): All chunks are saved
[17:07:56] [Server thread/INFO]: ThreadedAnvilChunkStorage (DIM1): All chunks are saved
[17:07:56] [Server thread/INFO]: ThreadedAnvilChunkStorage (origin): All chunks are saved
[17:07:56] [Server thread/INFO]: ThreadedAnvilChunkStorage: All dimensions are saved
[17:07:56] [C2ME Storage #3/INFO]: Storage thread Thread[#132,C2ME Storage #3,8,main] stopped
[17:07:56] [C2ME Storage #2/INFO]: Storage thread Thread[#131,C2ME Storage #2,8,main] stopped
[17:07:56] [C2ME Storage #1/INFO]: Storage thread Thread[#130,C2ME Storage #1,8,main] stopped
[17:07:56] [C2ME Storage #6/INFO]: Storage thread Thread[#135,C2ME Storage #6,8,main] stopped
[17:07:56] [C2ME Storage #5/INFO]: Storage thread Thread[#134,C2ME Storage #5,8,main] stopped
[17:07:56] [C2ME Storage #4/INFO]: Storage thread Thread[#133,C2ME Storage #4,8,main] stopped
[17:07:56] [C2ME Storage #9/INFO]: Storage thread Thread[#138,C2ME Storage #9,8,main] stopped
[17:07:56] [C2ME Storage #8/INFO]: Storage thread Thread[#137,C2ME Storage #8,8,main] stopped
[17:07:56] [C2ME Storage #7/INFO]: Storage thread Thread[#136,C2ME Storage #7,8,main] stopped
[17:07:56] [C2ME Storage #12/INFO]: Storage thread Thread[#141,C2ME Storage #12,8,main] stopped
[17:07:56] [C2ME Storage #11/INFO]: Storage thread Thread[#140,C2ME Storage #11,8,main] stopped
[17:07:56] [C2ME Storage #10/INFO]: Storage thread Thread[#139,C2ME Storage #10,8,main] stopped
[17:07:56] [C2ME Storage #15/INFO]: Storage thread Thread[#144,C2ME Storage #15,8,main] stopped
[17:07:56] [C2ME Storage #14/INFO]: Storage thread Thread[#143,C2ME Storage #14,8,main] stopped
[17:07:56] [C2ME Storage #13/INFO]: Storage thread Thread[#142,C2ME Storage #13,8,main] stopped
[17:07:56] [C2ME Storage #18/INFO]: Storage thread Thread[#147,C2ME Storage #18,8,main] stopped
[17:07:56] [C2ME Storage #17/INFO]: Storage thread Thread[#146,C2ME Storage #17,8,main] stopped
[17:07:56] [C2ME Storage #16/INFO]: Storage thread Thread[#145,C2ME Storage #16,8,main] stopped
[17:07:56] [C2ME Storage #21/INFO]: Storage thread Thread[#150,C2ME Storage #21,8,main] stopped
[17:07:56] [C2ME Storage #19/INFO]: Storage thread Thread[#148,C2ME Storage #19,8,main] stopped
[17:07:56] [C2ME Storage #20/INFO]: Storage thread Thread[#149,C2ME Storage #20,8,main] stopped
[17:07:57] [Server thread/INFO]: Discarded config watch service
